// Jest Snapshot v1, https://goo.gl/fbAQLP

exports[`TravelForm should match the snapshot 1`] = `
ShallowWrapper {
  Symbol(enzyme.__root__): [Circular],
  Symbol(enzyme.__unrendered__): <TravelForm />,
  Symbol(enzyme.__renderer__): Object {
    "batchedUpdates": [Function],
    "getNode": [Function],
    "render": [Function],
    "simulateError": [Function],
    "simulateEvent": [Function],
    "unmount": [Function],
  },
  Symbol(enzyme.__node__): Object {
    "instance": null,
    "key": undefined,
    "nodeType": "host",
    "props": Object {
      "children": Array [
        <Header />,
        <form
          className="tf-form"
          onSubmit={[Function]}
        >
          <h2
            className="tf-title"
          >
            Where are you going?
          </h2>
          <div
            className="tf-form-components"
          >
            <section
              className="tf-tomorrow tf-day-input"
            >
              <p
                className="tf-day"
              >
                Tomorrow
              </p>
              <input
                className="tf-form-component tf-input-component"
                name="day1"
                onChange={[Function]}
                placeholder="Destination"
                value=""
              />
            </section>
            <section
              className="tf-day-2 tf-day-input"
            >
              <p
                className="tf-day"
              >
                Day 2
              </p>
              <input
                className="tf-form-component tf-input-component"
                name="day2"
                onChange={[Function]}
                placeholder="Destination"
                value=""
              />
            </section>
            <section
              className="tf-day-3 tf-day-input"
            >
              <p
                className="tf-day"
              >
                Day 3
              </p>
              <input
                className="tf-form-component tf-input-component"
                name="day3"
                onChange={[Function]}
                placeholder="Destination"
                value=""
              />
            </section>
            <section
              className="tf-day-4 tf-day-input"
            >
              <p
                className="tf-day"
              >
                Day 4
              </p>
              <input
                className="tf-form-component tf-input-component"
                name="day4"
                onChange={[Function]}
                placeholder="Destination"
                value=""
              />
            </section>
            <section
              className="tf-day-5 tf-day-input"
            >
              <p
                className="tf-day"
              >
                Day 5
              </p>
              <input
                className="tf-form-component tf-input-component"
                name="day5"
                onChange={[Function]}
                placeholder="Destination"
                value=""
              />
            </section>
            <section
              className="tf-day-6 tf-day-input"
            >
              <p
                className="tf-day"
              >
                Day 6
              </p>
              <input
                className="tf-form-component tf-input-component"
                name="day6"
                onChange={[Function]}
                placeholder="Destination"
                value=""
              />
            </section>
            <section
              className="tf-day-7 tf-day-input"
            >
              <p
                className="tf-day"
              >
                Day 7
              </p>
              <input
                className="tf-form-component tf-input-component"
                name="day7"
                onChange={[Function]}
                placeholder="Destination"
                value=""
              />
            </section>
            <button
              className="tf-add-btn"
            >
              +
            </button>
            <button
              className="tf-form-component tf-btn"
            >
              Get Packing List
            </button>
          </div>
        </form>,
      ],
      "className": "parent-container",
    },
    "ref": null,
    "rendered": Array [
      Object {
        "instance": null,
        "key": undefined,
        "nodeType": "function",
        "props": Object {},
        "ref": null,
        "rendered": null,
        "type": [Function],
      },
      Object {
        "instance": null,
        "key": undefined,
        "nodeType": "host",
        "props": Object {
          "children": Array [
            <h2
              className="tf-title"
            >
              Where are you going?
            </h2>,
            <div
              className="tf-form-components"
            >
              <section
                className="tf-tomorrow tf-day-input"
              >
                <p
                  className="tf-day"
                >
                  Tomorrow
                </p>
                <input
                  className="tf-form-component tf-input-component"
                  name="day1"
                  onChange={[Function]}
                  placeholder="Destination"
                  value=""
                />
              </section>
              <section
                className="tf-day-2 tf-day-input"
              >
                <p
                  className="tf-day"
                >
                  Day 2
                </p>
                <input
                  className="tf-form-component tf-input-component"
                  name="day2"
                  onChange={[Function]}
                  placeholder="Destination"
                  value=""
                />
              </section>
              <section
                className="tf-day-3 tf-day-input"
              >
                <p
                  className="tf-day"
                >
                  Day 3
                </p>
                <input
                  className="tf-form-component tf-input-component"
                  name="day3"
                  onChange={[Function]}
                  placeholder="Destination"
                  value=""
                />
              </section>
              <section
                className="tf-day-4 tf-day-input"
              >
                <p
                  className="tf-day"
                >
                  Day 4
                </p>
                <input
                  className="tf-form-component tf-input-component"
                  name="day4"
                  onChange={[Function]}
                  placeholder="Destination"
                  value=""
                />
              </section>
              <section
                className="tf-day-5 tf-day-input"
              >
                <p
                  className="tf-day"
                >
                  Day 5
                </p>
                <input
                  className="tf-form-component tf-input-component"
                  name="day5"
                  onChange={[Function]}
                  placeholder="Destination"
                  value=""
                />
              </section>
              <section
                className="tf-day-6 tf-day-input"
              >
                <p
                  className="tf-day"
                >
                  Day 6
                </p>
                <input
                  className="tf-form-component tf-input-component"
                  name="day6"
                  onChange={[Function]}
                  placeholder="Destination"
                  value=""
                />
              </section>
              <section
                className="tf-day-7 tf-day-input"
              >
                <p
                  className="tf-day"
                >
                  Day 7
                </p>
                <input
                  className="tf-form-component tf-input-component"
                  name="day7"
                  onChange={[Function]}
                  placeholder="Destination"
                  value=""
                />
              </section>
              <button
                className="tf-add-btn"
              >
                +
              </button>
              <button
                className="tf-form-component tf-btn"
              >
                Get Packing List
              </button>
            </div>,
          ],
          "className": "tf-form",
          "onSubmit": [Function],
        },
        "ref": null,
        "rendered": Array [
          Object {
            "instance": null,
            "key": undefined,
            "nodeType": "host",
            "props": Object {
              "children": "Where are you going?",
              "className": "tf-title",
            },
            "ref": null,
            "rendered": "Where are you going?",
            "type": "h2",
          },
          Object {
            "instance": null,
            "key": undefined,
            "nodeType": "host",
            "props": Object {
              "children": Array [
                <section
                  className="tf-tomorrow tf-day-input"
                >
                  <p
                    className="tf-day"
                  >
                    Tomorrow
                  </p>
                  <input
                    className="tf-form-component tf-input-component"
                    name="day1"
                    onChange={[Function]}
                    placeholder="Destination"
                    value=""
                  />
                </section>,
                <section
                  className="tf-day-2 tf-day-input"
                >
                  <p
                    className="tf-day"
                  >
                    Day 2
                  </p>
                  <input
                    className="tf-form-component tf-input-component"
                    name="day2"
                    onChange={[Function]}
                    placeholder="Destination"
                    value=""
                  />
                </section>,
                <section
                  className="tf-day-3 tf-day-input"
                >
                  <p
                    className="tf-day"
                  >
                    Day 3
                  </p>
                  <input
                    className="tf-form-component tf-input-component"
                    name="day3"
                    onChange={[Function]}
                    placeholder="Destination"
                    value=""
                  />
                </section>,
                <section
                  className="tf-day-4 tf-day-input"
                >
                  <p
                    className="tf-day"
                  >
                    Day 4
                  </p>
                  <input
                    className="tf-form-component tf-input-component"
                    name="day4"
                    onChange={[Function]}
                    placeholder="Destination"
                    value=""
                  />
                </section>,
                <section
                  className="tf-day-5 tf-day-input"
                >
                  <p
                    className="tf-day"
                  >
                    Day 5
                  </p>
                  <input
                    className="tf-form-component tf-input-component"
                    name="day5"
                    onChange={[Function]}
                    placeholder="Destination"
                    value=""
                  />
                </section>,
                <section
                  className="tf-day-6 tf-day-input"
                >
                  <p
                    className="tf-day"
                  >
                    Day 6
                  </p>
                  <input
                    className="tf-form-component tf-input-component"
                    name="day6"
                    onChange={[Function]}
                    placeholder="Destination"
                    value=""
                  />
                </section>,
                <section
                  className="tf-day-7 tf-day-input"
                >
                  <p
                    className="tf-day"
                  >
                    Day 7
                  </p>
                  <input
                    className="tf-form-component tf-input-component"
                    name="day7"
                    onChange={[Function]}
                    placeholder="Destination"
                    value=""
                  />
                </section>,
                <button
                  className="tf-add-btn"
                >
                  +
                </button>,
                <button
                  className="tf-form-component tf-btn"
                >
                  Get Packing List
                </button>,
              ],
              "className": "tf-form-components",
            },
            "ref": null,
            "rendered": Array [
              Object {
                "instance": null,
                "key": undefined,
                "nodeType": "host",
                "props": Object {
                  "children": Array [
                    <p
                      className="tf-day"
                    >
                      Tomorrow
                    </p>,
                    <input
                      className="tf-form-component tf-input-component"
                      name="day1"
                      onChange={[Function]}
                      placeholder="Destination"
                      value=""
                    />,
                  ],
                  "className": "tf-tomorrow tf-day-input",
                },
                "ref": null,
                "rendered": Array [
                  Object {
                    "instance": null,
                    "key": undefined,
                    "nodeType": "host",
                    "props": Object {
                      "children": "Tomorrow",
                      "className": "tf-day",
                    },
                    "ref": null,
                    "rendered": "Tomorrow",
                    "type": "p",
                  },
                  Object {
                    "instance": null,
                    "key": undefined,
                    "nodeType": "host",
                    "props": Object {
                      "className": "tf-form-component tf-input-component",
                      "name": "day1",
                      "onChange": [Function],
                      "placeholder": "Destination",
                      "value": "",
                    },
                    "ref": null,
                    "rendered": null,
                    "type": "input",
                  },
                ],
                "type": "section",
              },
              Object {
                "instance": null,
                "key": undefined,
                "nodeType": "host",
                "props": Object {
                  "children": Array [
                    <p
                      className="tf-day"
                    >
                      Day 2
                    </p>,
                    <input
                      className="tf-form-component tf-input-component"
                      name="day2"
                      onChange={[Function]}
                      placeholder="Destination"
                      value=""
                    />,
                  ],
                  "className": "tf-day-2 tf-day-input",
                },
                "ref": null,
                "rendered": Array [
                  Object {
                    "instance": null,
                    "key": undefined,
                    "nodeType": "host",
                    "props": Object {
                      "children": "Day 2",
                      "className": "tf-day",
                    },
                    "ref": null,
                    "rendered": "Day 2",
                    "type": "p",
                  },
                  Object {
                    "instance": null,
                    "key": undefined,
                    "nodeType": "host",
                    "props": Object {
                      "className": "tf-form-component tf-input-component",
                      "name": "day2",
                      "onChange": [Function],
                      "placeholder": "Destination",
                      "value": "",
                    },
                    "ref": null,
                    "rendered": null,
                    "type": "input",
                  },
                ],
                "type": "section",
              },
              Object {
                "instance": null,
                "key": undefined,
                "nodeType": "host",
                "props": Object {
                  "children": Array [
                    <p
                      className="tf-day"
                    >
                      Day 3
                    </p>,
                    <input
                      className="tf-form-component tf-input-component"
                      name="day3"
                      onChange={[Function]}
                      placeholder="Destination"
                      value=""
                    />,
                  ],
                  "className": "tf-day-3 tf-day-input",
                },
                "ref": null,
                "rendered": Array [
                  Object {
                    "instance": null,
                    "key": undefined,
                    "nodeType": "host",
                    "props": Object {
                      "children": "Day 3",
                      "className": "tf-day",
                    },
                    "ref": null,
                    "rendered": "Day 3",
                    "type": "p",
                  },
                  Object {
                    "instance": null,
                    "key": undefined,
                    "nodeType": "host",
                    "props": Object {
                      "className": "tf-form-component tf-input-component",
                      "name": "day3",
                      "onChange": [Function],
                      "placeholder": "Destination",
                      "value": "",
                    },
                    "ref": null,
                    "rendered": null,
                    "type": "input",
                  },
                ],
                "type": "section",
              },
              Object {
                "instance": null,
                "key": undefined,
                "nodeType": "host",
                "props": Object {
                  "children": Array [
                    <p
                      className="tf-day"
                    >
                      Day 4
                    </p>,
                    <input
                      className="tf-form-component tf-input-component"
                      name="day4"
                      onChange={[Function]}
                      placeholder="Destination"
                      value=""
                    />,
                  ],
                  "className": "tf-day-4 tf-day-input",
                },
                "ref": null,
                "rendered": Array [
                  Object {
                    "instance": null,
                    "key": undefined,
                    "nodeType": "host",
                    "props": Object {
                      "children": "Day 4",
                      "className": "tf-day",
                    },
                    "ref": null,
                    "rendered": "Day 4",
                    "type": "p",
                  },
                  Object {
                    "instance": null,
                    "key": undefined,
                    "nodeType": "host",
                    "props": Object {
                      "className": "tf-form-component tf-input-component",
                      "name": "day4",
                      "onChange": [Function],
                      "placeholder": "Destination",
                      "value": "",
                    },
                    "ref": null,
                    "rendered": null,
                    "type": "input",
                  },
                ],
                "type": "section",
              },
              Object {
                "instance": null,
                "key": undefined,
                "nodeType": "host",
                "props": Object {
                  "children": Array [
                    <p
                      className="tf-day"
                    >
                      Day 5
                    </p>,
                    <input
                      className="tf-form-component tf-input-component"
                      name="day5"
                      onChange={[Function]}
                      placeholder="Destination"
                      value=""
                    />,
                  ],
                  "className": "tf-day-5 tf-day-input",
                },
                "ref": null,
                "rendered": Array [
                  Object {
                    "instance": null,
                    "key": undefined,
                    "nodeType": "host",
                    "props": Object {
                      "children": "Day 5",
                      "className": "tf-day",
                    },
                    "ref": null,
                    "rendered": "Day 5",
                    "type": "p",
                  },
                  Object {
                    "instance": null,
                    "key": undefined,
                    "nodeType": "host",
                    "props": Object {
                      "className": "tf-form-component tf-input-component",
                      "name": "day5",
                      "onChange": [Function],
                      "placeholder": "Destination",
                      "value": "",
                    },
                    "ref": null,
                    "rendered": null,
                    "type": "input",
                  },
                ],
                "type": "section",
              },
              Object {
                "instance": null,
                "key": undefined,
                "nodeType": "host",
                "props": Object {
                  "children": Array [
                    <p
                      className="tf-day"
                    >
                      Day 6
                    </p>,
                    <input
                      className="tf-form-component tf-input-component"
                      name="day6"
                      onChange={[Function]}
                      placeholder="Destination"
                      value=""
                    />,
                  ],
                  "className": "tf-day-6 tf-day-input",
                },
                "ref": null,
                "rendered": Array [
                  Object {
                    "instance": null,
                    "key": undefined,
                    "nodeType": "host",
                    "props": Object {
                      "children": "Day 6",
                      "className": "tf-day",
                    },
                    "ref": null,
                    "rendered": "Day 6",
                    "type": "p",
                  },
                  Object {
                    "instance": null,
                    "key": undefined,
                    "nodeType": "host",
                    "props": Object {
                      "className": "tf-form-component tf-input-component",
                      "name": "day6",
                      "onChange": [Function],
                      "placeholder": "Destination",
                      "value": "",
                    },
                    "ref": null,
                    "rendered": null,
                    "type": "input",
                  },
                ],
                "type": "section",
              },
              Object {
                "instance": null,
                "key": undefined,
                "nodeType": "host",
                "props": Object {
                  "children": Array [
                    <p
                      className="tf-day"
                    >
                      Day 7
                    </p>,
                    <input
                      className="tf-form-component tf-input-component"
                      name="day7"
                      onChange={[Function]}
                      placeholder="Destination"
                      value=""
                    />,
                  ],
                  "className": "tf-day-7 tf-day-input",
                },
                "ref": null,
                "rendered": Array [
                  Object {
                    "instance": null,
                    "key": undefined,
                    "nodeType": "host",
                    "props": Object {
                      "children": "Day 7",
                      "className": "tf-day",
                    },
                    "ref": null,
                    "rendered": "Day 7",
                    "type": "p",
                  },
                  Object {
                    "instance": null,
                    "key": undefined,
                    "nodeType": "host",
                    "props": Object {
                      "className": "tf-form-component tf-input-component",
                      "name": "day7",
                      "onChange": [Function],
                      "placeholder": "Destination",
                      "value": "",
                    },
                    "ref": null,
                    "rendered": null,
                    "type": "input",
                  },
                ],
                "type": "section",
              },
              Object {
                "instance": null,
                "key": undefined,
                "nodeType": "host",
                "props": Object {
                  "children": "+",
                  "className": "tf-add-btn",
                },
                "ref": null,
                "rendered": "+",
                "type": "button",
              },
              Object {
                "instance": null,
                "key": undefined,
                "nodeType": "host",
                "props": Object {
                  "children": "Get Packing List",
                  "className": "tf-form-component tf-btn",
                },
                "ref": null,
                "rendered": "Get Packing List",
                "type": "button",
              },
            ],
            "type": "div",
          },
        ],
        "type": "form",
      },
    ],
    "type": "div",
  },
  Symbol(enzyme.__nodes__): Array [
    Object {
      "instance": null,
      "key": undefined,
      "nodeType": "host",
      "props": Object {
        "children": Array [
          <Header />,
          <form
            className="tf-form"
            onSubmit={[Function]}
          >
            <h2
              className="tf-title"
            >
              Where are you going?
            </h2>
            <div
              className="tf-form-components"
            >
              <section
                className="tf-tomorrow tf-day-input"
              >
                <p
                  className="tf-day"
                >
                  Tomorrow
                </p>
                <input
                  className="tf-form-component tf-input-component"
                  name="day1"
                  onChange={[Function]}
                  placeholder="Destination"
                  value=""
                />
              </section>
              <section
                className="tf-day-2 tf-day-input"
              >
                <p
                  className="tf-day"
                >
                  Day 2
                </p>
                <input
                  className="tf-form-component tf-input-component"
                  name="day2"
                  onChange={[Function]}
                  placeholder="Destination"
                  value=""
                />
              </section>
              <section
                className="tf-day-3 tf-day-input"
              >
                <p
                  className="tf-day"
                >
                  Day 3
                </p>
                <input
                  className="tf-form-component tf-input-component"
                  name="day3"
                  onChange={[Function]}
                  placeholder="Destination"
                  value=""
                />
              </section>
              <section
                className="tf-day-4 tf-day-input"
              >
                <p
                  className="tf-day"
                >
                  Day 4
                </p>
                <input
                  className="tf-form-component tf-input-component"
                  name="day4"
                  onChange={[Function]}
                  placeholder="Destination"
                  value=""
                />
              </section>
              <section
                className="tf-day-5 tf-day-input"
              >
                <p
                  className="tf-day"
                >
                  Day 5
                </p>
                <input
                  className="tf-form-component tf-input-component"
                  name="day5"
                  onChange={[Function]}
                  placeholder="Destination"
                  value=""
                />
              </section>
              <section
                className="tf-day-6 tf-day-input"
              >
                <p
                  className="tf-day"
                >
                  Day 6
                </p>
                <input
                  className="tf-form-component tf-input-component"
                  name="day6"
                  onChange={[Function]}
                  placeholder="Destination"
                  value=""
                />
              </section>
              <section
                className="tf-day-7 tf-day-input"
              >
                <p
                  className="tf-day"
                >
                  Day 7
                </p>
                <input
                  className="tf-form-component tf-input-component"
                  name="day7"
                  onChange={[Function]}
                  placeholder="Destination"
                  value=""
                />
              </section>
              <button
                className="tf-add-btn"
              >
                +
              </button>
              <button
                className="tf-form-component tf-btn"
              >
                Get Packing List
              </button>
            </div>
          </form>,
        ],
        "className": "parent-container",
      },
      "ref": null,
      "rendered": Array [
        Object {
          "instance": null,
          "key": undefined,
          "nodeType": "function",
          "props": Object {},
          "ref": null,
          "rendered": null,
          "type": [Function],
        },
        Object {
          "instance": null,
          "key": undefined,
          "nodeType": "host",
          "props": Object {
            "children": Array [
              <h2
                className="tf-title"
              >
                Where are you going?
              </h2>,
              <div
                className="tf-form-components"
              >
                <section
                  className="tf-tomorrow tf-day-input"
                >
                  <p
                    className="tf-day"
                  >
                    Tomorrow
                  </p>
                  <input
                    className="tf-form-component tf-input-component"
                    name="day1"
                    onChange={[Function]}
                    placeholder="Destination"
                    value=""
                  />
                </section>
                <section
                  className="tf-day-2 tf-day-input"
                >
                  <p
                    className="tf-day"
                  >
                    Day 2
                  </p>
                  <input
                    className="tf-form-component tf-input-component"
                    name="day2"
                    onChange={[Function]}
                    placeholder="Destination"
                    value=""
                  />
                </section>
                <section
                  className="tf-day-3 tf-day-input"
                >
                  <p
                    className="tf-day"
                  >
                    Day 3
                  </p>
                  <input
                    className="tf-form-component tf-input-component"
                    name="day3"
                    onChange={[Function]}
                    placeholder="Destination"
                    value=""
                  />
                </section>
                <section
                  className="tf-day-4 tf-day-input"
                >
                  <p
                    className="tf-day"
                  >
                    Day 4
                  </p>
                  <input
                    className="tf-form-component tf-input-component"
                    name="day4"
                    onChange={[Function]}
                    placeholder="Destination"
                    value=""
                  />
                </section>
                <section
                  className="tf-day-5 tf-day-input"
                >
                  <p
                    className="tf-day"
                  >
                    Day 5
                  </p>
                  <input
                    className="tf-form-component tf-input-component"
                    name="day5"
                    onChange={[Function]}
                    placeholder="Destination"
                    value=""
                  />
                </section>
                <section
                  className="tf-day-6 tf-day-input"
                >
                  <p
                    className="tf-day"
                  >
                    Day 6
                  </p>
                  <input
                    className="tf-form-component tf-input-component"
                    name="day6"
                    onChange={[Function]}
                    placeholder="Destination"
                    value=""
                  />
                </section>
                <section
                  className="tf-day-7 tf-day-input"
                >
                  <p
                    className="tf-day"
                  >
                    Day 7
                  </p>
                  <input
                    className="tf-form-component tf-input-component"
                    name="day7"
                    onChange={[Function]}
                    placeholder="Destination"
                    value=""
                  />
                </section>
                <button
                  className="tf-add-btn"
                >
                  +
                </button>
                <button
                  className="tf-form-component tf-btn"
                >
                  Get Packing List
                </button>
              </div>,
            ],
            "className": "tf-form",
            "onSubmit": [Function],
          },
          "ref": null,
          "rendered": Array [
            Object {
              "instance": null,
              "key": undefined,
              "nodeType": "host",
              "props": Object {
                "children": "Where are you going?",
                "className": "tf-title",
              },
              "ref": null,
              "rendered": "Where are you going?",
              "type": "h2",
            },
            Object {
              "instance": null,
              "key": undefined,
              "nodeType": "host",
              "props": Object {
                "children": Array [
                  <section
                    className="tf-tomorrow tf-day-input"
                  >
                    <p
                      className="tf-day"
                    >
                      Tomorrow
                    </p>
                    <input
                      className="tf-form-component tf-input-component"
                      name="day1"
                      onChange={[Function]}
                      placeholder="Destination"
                      value=""
                    />
                  </section>,
                  <section
                    className="tf-day-2 tf-day-input"
                  >
                    <p
                      className="tf-day"
                    >
                      Day 2
                    </p>
                    <input
                      className="tf-form-component tf-input-component"
                      name="day2"
                      onChange={[Function]}
                      placeholder="Destination"
                      value=""
                    />
                  </section>,
                  <section
                    className="tf-day-3 tf-day-input"
                  >
                    <p
                      className="tf-day"
                    >
                      Day 3
                    </p>
                    <input
                      className="tf-form-component tf-input-component"
                      name="day3"
                      onChange={[Function]}
                      placeholder="Destination"
                      value=""
                    />
                  </section>,
                  <section
                    className="tf-day-4 tf-day-input"
                  >
                    <p
                      className="tf-day"
                    >
                      Day 4
                    </p>
                    <input
                      className="tf-form-component tf-input-component"
                      name="day4"
                      onChange={[Function]}
                      placeholder="Destination"
                      value=""
                    />
                  </section>,
                  <section
                    className="tf-day-5 tf-day-input"
                  >
                    <p
                      className="tf-day"
                    >
                      Day 5
                    </p>
                    <input
                      className="tf-form-component tf-input-component"
                      name="day5"
                      onChange={[Function]}
                      placeholder="Destination"
                      value=""
                    />
                  </section>,
                  <section
                    className="tf-day-6 tf-day-input"
                  >
                    <p
                      className="tf-day"
                    >
                      Day 6
                    </p>
                    <input
                      className="tf-form-component tf-input-component"
                      name="day6"
                      onChange={[Function]}
                      placeholder="Destination"
                      value=""
                    />
                  </section>,
                  <section
                    className="tf-day-7 tf-day-input"
                  >
                    <p
                      className="tf-day"
                    >
                      Day 7
                    </p>
                    <input
                      className="tf-form-component tf-input-component"
                      name="day7"
                      onChange={[Function]}
                      placeholder="Destination"
                      value=""
                    />
                  </section>,
                  <button
                    className="tf-add-btn"
                  >
                    +
                  </button>,
                  <button
                    className="tf-form-component tf-btn"
                  >
                    Get Packing List
                  </button>,
                ],
                "className": "tf-form-components",
              },
              "ref": null,
              "rendered": Array [
                Object {
                  "instance": null,
                  "key": undefined,
                  "nodeType": "host",
                  "props": Object {
                    "children": Array [
                      <p
                        className="tf-day"
                      >
                        Tomorrow
                      </p>,
                      <input
                        className="tf-form-component tf-input-component"
                        name="day1"
                        onChange={[Function]}
                        placeholder="Destination"
                        value=""
                      />,
                    ],
                    "className": "tf-tomorrow tf-day-input",
                  },
                  "ref": null,
                  "rendered": Array [
                    Object {
                      "instance": null,
                      "key": undefined,
                      "nodeType": "host",
                      "props": Object {
                        "children": "Tomorrow",
                        "className": "tf-day",
                      },
                      "ref": null,
                      "rendered": "Tomorrow",
                      "type": "p",
                    },
                    Object {
                      "instance": null,
                      "key": undefined,
                      "nodeType": "host",
                      "props": Object {
                        "className": "tf-form-component tf-input-component",
                        "name": "day1",
                        "onChange": [Function],
                        "placeholder": "Destination",
                        "value": "",
                      },
                      "ref": null,
                      "rendered": null,
                      "type": "input",
                    },
                  ],
                  "type": "section",
                },
                Object {
                  "instance": null,
                  "key": undefined,
                  "nodeType": "host",
                  "props": Object {
                    "children": Array [
                      <p
                        className="tf-day"
                      >
                        Day 2
                      </p>,
                      <input
                        className="tf-form-component tf-input-component"
                        name="day2"
                        onChange={[Function]}
                        placeholder="Destination"
                        value=""
                      />,
                    ],
                    "className": "tf-day-2 tf-day-input",
                  },
                  "ref": null,
                  "rendered": Array [
                    Object {
                      "instance": null,
                      "key": undefined,
                      "nodeType": "host",
                      "props": Object {
                        "children": "Day 2",
                        "className": "tf-day",
                      },
                      "ref": null,
                      "rendered": "Day 2",
                      "type": "p",
                    },
                    Object {
                      "instance": null,
                      "key": undefined,
                      "nodeType": "host",
                      "props": Object {
                        "className": "tf-form-component tf-input-component",
                        "name": "day2",
                        "onChange": [Function],
                        "placeholder": "Destination",
                        "value": "",
                      },
                      "ref": null,
                      "rendered": null,
                      "type": "input",
                    },
                  ],
                  "type": "section",
                },
                Object {
                  "instance": null,
                  "key": undefined,
                  "nodeType": "host",
                  "props": Object {
                    "children": Array [
                      <p
                        className="tf-day"
                      >
                        Day 3
                      </p>,
                      <input
                        className="tf-form-component tf-input-component"
                        name="day3"
                        onChange={[Function]}
                        placeholder="Destination"
                        value=""
                      />,
                    ],
                    "className": "tf-day-3 tf-day-input",
                  },
                  "ref": null,
                  "rendered": Array [
                    Object {
                      "instance": null,
                      "key": undefined,
                      "nodeType": "host",
                      "props": Object {
                        "children": "Day 3",
                        "className": "tf-day",
                      },
                      "ref": null,
                      "rendered": "Day 3",
                      "type": "p",
                    },
                    Object {
                      "instance": null,
                      "key": undefined,
                      "nodeType": "host",
                      "props": Object {
                        "className": "tf-form-component tf-input-component",
                        "name": "day3",
                        "onChange": [Function],
                        "placeholder": "Destination",
                        "value": "",
                      },
                      "ref": null,
                      "rendered": null,
                      "type": "input",
                    },
                  ],
                  "type": "section",
                },
                Object {
                  "instance": null,
                  "key": undefined,
                  "nodeType": "host",
                  "props": Object {
                    "children": Array [
                      <p
                        className="tf-day"
                      >
                        Day 4
                      </p>,
                      <input
                        className="tf-form-component tf-input-component"
                        name="day4"
                        onChange={[Function]}
                        placeholder="Destination"
                        value=""
                      />,
                    ],
                    "className": "tf-day-4 tf-day-input",
                  },
                  "ref": null,
                  "rendered": Array [
                    Object {
                      "instance": null,
                      "key": undefined,
                      "nodeType": "host",
                      "props": Object {
                        "children": "Day 4",
                        "className": "tf-day",
                      },
                      "ref": null,
                      "rendered": "Day 4",
                      "type": "p",
                    },
                    Object {
                      "instance": null,
                      "key": undefined,
                      "nodeType": "host",
                      "props": Object {
                        "className": "tf-form-component tf-input-component",
                        "name": "day4",
                        "onChange": [Function],
                        "placeholder": "Destination",
                        "value": "",
                      },
                      "ref": null,
                      "rendered": null,
                      "type": "input",
                    },
                  ],
                  "type": "section",
                },
                Object {
                  "instance": null,
                  "key": undefined,
                  "nodeType": "host",
                  "props": Object {
                    "children": Array [
                      <p
                        className="tf-day"
                      >
                        Day 5
                      </p>,
                      <input
                        className="tf-form-component tf-input-component"
                        name="day5"
                        onChange={[Function]}
                        placeholder="Destination"
                        value=""
                      />,
                    ],
                    "className": "tf-day-5 tf-day-input",
                  },
                  "ref": null,
                  "rendered": Array [
                    Object {
                      "instance": null,
                      "key": undefined,
                      "nodeType": "host",
                      "props": Object {
                        "children": "Day 5",
                        "className": "tf-day",
                      },
                      "ref": null,
                      "rendered": "Day 5",
                      "type": "p",
                    },
                    Object {
                      "instance": null,
                      "key": undefined,
                      "nodeType": "host",
                      "props": Object {
                        "className": "tf-form-component tf-input-component",
                        "name": "day5",
                        "onChange": [Function],
                        "placeholder": "Destination",
                        "value": "",
                      },
                      "ref": null,
                      "rendered": null,
                      "type": "input",
                    },
                  ],
                  "type": "section",
                },
                Object {
                  "instance": null,
                  "key": undefined,
                  "nodeType": "host",
                  "props": Object {
                    "children": Array [
                      <p
                        className="tf-day"
                      >
                        Day 6
                      </p>,
                      <input
                        className="tf-form-component tf-input-component"
                        name="day6"
                        onChange={[Function]}
                        placeholder="Destination"
                        value=""
                      />,
                    ],
                    "className": "tf-day-6 tf-day-input",
                  },
                  "ref": null,
                  "rendered": Array [
                    Object {
                      "instance": null,
                      "key": undefined,
                      "nodeType": "host",
                      "props": Object {
                        "children": "Day 6",
                        "className": "tf-day",
                      },
                      "ref": null,
                      "rendered": "Day 6",
                      "type": "p",
                    },
                    Object {
                      "instance": null,
                      "key": undefined,
                      "nodeType": "host",
                      "props": Object {
                        "className": "tf-form-component tf-input-component",
                        "name": "day6",
                        "onChange": [Function],
                        "placeholder": "Destination",
                        "value": "",
                      },
                      "ref": null,
                      "rendered": null,
                      "type": "input",
                    },
                  ],
                  "type": "section",
                },
                Object {
                  "instance": null,
                  "key": undefined,
                  "nodeType": "host",
                  "props": Object {
                    "children": Array [
                      <p
                        className="tf-day"
                      >
                        Day 7
                      </p>,
                      <input
                        className="tf-form-component tf-input-component"
                        name="day7"
                        onChange={[Function]}
                        placeholder="Destination"
                        value=""
                      />,
                    ],
                    "className": "tf-day-7 tf-day-input",
                  },
                  "ref": null,
                  "rendered": Array [
                    Object {
                      "instance": null,
                      "key": undefined,
                      "nodeType": "host",
                      "props": Object {
                        "children": "Day 7",
                        "className": "tf-day",
                      },
                      "ref": null,
                      "rendered": "Day 7",
                      "type": "p",
                    },
                    Object {
                      "instance": null,
                      "key": undefined,
                      "nodeType": "host",
                      "props": Object {
                        "className": "tf-form-component tf-input-component",
                        "name": "day7",
                        "onChange": [Function],
                        "placeholder": "Destination",
                        "value": "",
                      },
                      "ref": null,
                      "rendered": null,
                      "type": "input",
                    },
                  ],
                  "type": "section",
                },
                Object {
                  "instance": null,
                  "key": undefined,
                  "nodeType": "host",
                  "props": Object {
                    "children": "+",
                    "className": "tf-add-btn",
                  },
                  "ref": null,
                  "rendered": "+",
                  "type": "button",
                },
                Object {
                  "instance": null,
                  "key": undefined,
                  "nodeType": "host",
                  "props": Object {
                    "children": "Get Packing List",
                    "className": "tf-form-component tf-btn",
                  },
                  "ref": null,
                  "rendered": "Get Packing List",
                  "type": "button",
                },
              ],
              "type": "div",
            },
          ],
          "type": "form",
        },
      ],
      "type": "div",
    },
  ],
  Symbol(enzyme.__options__): Object {
    "adapter": ReactSixteenAdapter {
      "options": Object {
        "enableComponentDidUpdateOnSetState": true,
        "lifecycles": Object {
          "componentDidUpdate": Object {
            "onSetState": true,
          },
          "getDerivedStateFromProps": true,
          "getSnapshotBeforeUpdate": true,
          "setState": Object {
            "skipsComponentDidUpdateOnNullish": true,
          },
        },
      },
    },
  },
}
`;
